loaded 296 entries, d_memory=128, experts=['fast3r', 'mast3r', 'spann3r'], fallback_contamination_count=0
/home/kykt26/.conda/envs/dream3r/lib/python3.10/site-packages/torch/nn/modules/transformer.py:379: UserWarning: enable_nested_tensor is True, but self.use_nested_tensor is False because encoder_layer.norm_first was True
  warnings.warn(
/hdd3/kykt26/code/dream3r/dream3r/scripts/train_native_student_decoder.py:41: FutureWarning: You are using `torch.load` with `weights_only=False` (the current default value), which uses the default pickle module implicitly. It is possible to construct malicious pickle data which will execute arbitrary code during unpickling (See https://github.com/pytorch/pytorch/blob/main/SECURITY.md#untrusted-models for more details). In a future release, the default value for `weights_only` will be flipped to `True`. This limits the functions that could be executed during unpickling. Arbitrary objects will no longer be allowed to be loaded via this mode unless they are explicitly allowlisted by the user via `torch.serialization.add_safe_globals`. We recommend you start setting `weights_only=True` for any use case where you don't have full control of the loaded file. Please open an issue on GitHub for any issues related to this experimental feature.
  ckpt = torch.load(checkpoint_path, map_location=device)
loaded frozen StatePrior checkpoint=runs/stage6_fusion/state_prior_sweep/state_seed_7/latest.pt proposal_dropout=0.35 distill_weight=0.5 dropout_consistency_weight=0.25
split: train=237 test=59 use_state=True shuffle_state=False seed=7
epoch    1  loss=0.31276  eval={"kitti": {"n": 49, "B_fast3r": 0.2326, "B_mast3r": 0.1523, "B_spann3r": 0.1618, "B_oracle": 0.136, "B_patch_oracle": 0.0976, "Teacher_FrozenStatePrior": 0.1451, "Ours_NativeStudent": 0.1451, "best_single": 0.1523, "rel_imp_vs_best_single_pp": 4.74, "rel_imp_vs_teacher_pp": 0.01, "oracle_gap_pp": 6.67, "patch_oracle_gap_pp": 48.63, "temporal_delta_abs_rel": 0.0367, "scale_drift_proxy": 0.0285, "teacher_temporal_delta_abs_rel": 0.0367, "teacher_scale_drift_proxy": 0.0285, "mean_residual_norm": 0.000264, "mean_prior_entropy": 0.0417}, "eth3d": {"n": 10, "B_fast3r": 0.236, "B_mast3r": 0.2831, "B_spann3r": 0.1585, "B_oracle": 0.1468, "B_patch_oracle": 0.0974, "Teacher_FrozenStatePrior": 0.148, "Ours_NativeStudent": 0.148, "best_single": 0.1585, "rel_imp_vs_best_single_pp": 6.64, "rel_imp_vs_teacher_pp": 0.0, "oracle_gap_pp": 0.77, "patch_oracle_gap_pp": 51.88, "temporal_delta_abs_rel": 0.0451, "scale_drift_proxy": 0.0302, "teacher_temporal_delta_abs_rel": 0.0451, "teacher_scale_drift_proxy": 0.0302, "mean_residual_norm": 0.0, "mean_prior_entropy": 0.0}}
epoch   10  loss=0.34141  eval={"kitti": {"n": 49, "B_fast3r": 0.2326, "B_mast3r": 0.1523, "B_spann3r": 0.1618, "B_oracle": 0.136, "B_patch_oracle": 0.0976, "Teacher_FrozenStatePrior": 0.1451, "Ours_NativeStudent": 0.1451, "best_single": 0.1523, "rel_imp_vs_best_single_pp": 4.74, "rel_imp_vs_teacher_pp": 0.01, "oracle_gap_pp": 6.67, "patch_oracle_gap_pp": 48.63, "temporal_delta_abs_rel": 0.0367, "scale_drift_proxy": 0.0285, "teacher_temporal_delta_abs_rel": 0.0367, "teacher_scale_drift_proxy": 0.0285, "mean_residual_norm": 0.000349, "mean_prior_entropy": 0.0417}, "eth3d": {"n": 10, "B_fast3r": 0.236, "B_mast3r": 0.2831, "B_spann3r": 0.1585, "B_oracle": 0.1468, "B_patch_oracle": 0.0974, "Teacher_FrozenStatePrior": 0.148, "Ours_NativeStudent": 0.148, "best_single": 0.1585, "rel_imp_vs_best_single_pp": 6.64, "rel_imp_vs_teacher_pp": 0.0, "oracle_gap_pp": 0.77, "patch_oracle_gap_pp": 51.88, "temporal_delta_abs_rel": 0.0451, "scale_drift_proxy": 0.0302, "teacher_temporal_delta_abs_rel": 0.0451, "teacher_scale_drift_proxy": 0.0302, "mean_residual_norm": 0.0, "mean_prior_entropy": 0.0}}
epoch   20  loss=0.35205  eval={"kitti": {"n": 49, "B_fast3r": 0.2326, "B_mast3r": 0.1523, "B_spann3r": 0.1618, "B_oracle": 0.136, "B_patch_oracle": 0.0976, "Teacher_FrozenStatePrior": 0.1451, "Ours_NativeStudent": 0.1451, "best_single": 0.1523, "rel_imp_vs_best_single_pp": 4.74, "rel_imp_vs_teacher_pp": 0.01, "oracle_gap_pp": 6.67, "patch_oracle_gap_pp": 48.63, "temporal_delta_abs_rel": 0.0367, "scale_drift_proxy": 0.0285, "teacher_temporal_delta_abs_rel": 0.0367, "teacher_scale_drift_proxy": 0.0285, "mean_residual_norm": 0.000349, "mean_prior_entropy": 0.0417}, "eth3d": {"n": 10, "B_fast3r": 0.236, "B_mast3r": 0.2831, "B_spann3r": 0.1585, "B_oracle": 0.1468, "B_patch_oracle": 0.0974, "Teacher_FrozenStatePrior": 0.148, "Ours_NativeStudent": 0.148, "best_single": 0.1585, "rel_imp_vs_best_single_pp": 6.64, "rel_imp_vs_teacher_pp": 0.0, "oracle_gap_pp": 0.77, "patch_oracle_gap_pp": 51.88, "temporal_delta_abs_rel": 0.0451, "scale_drift_proxy": 0.0302, "teacher_temporal_delta_abs_rel": 0.0451, "teacher_scale_drift_proxy": 0.0302, "mean_residual_norm": 0.0, "mean_prior_entropy": 0.0}}

Saved NativeStudentDecoder + results to runs/stage6_fusion/native_student_dropout_consistency_gate20_seed7/native_student_state_seed_7
{
  "seed": 7,
  "epochs": 20,
  "n_train": 237,
  "n_test": 59,
  "expert_order": [
    "fast3r",
    "mast3r",
    "spann3r"
  ],
  "use_state": true,
  "shuffle_state": false,
  "state_prior_checkpoint": "runs/stage6_fusion/state_prior_sweep/state_seed_7/latest.pt",
  "state_prior_frozen": true,
  "proposal_dropout": 0.35,
  "distill_weight": 0.5,
  "residual_l2_weight": 0.01,
  "dropout_consistency_weight": 0.25,
  "residual_scale": 0.05,
  "fallback_contamination_count": 0,
  "final_train_loss": 0.352049558152315,
  "loss_decrease_pct": -12.560812605134894,
  "final_eval": {
    "kitti": {
      "n": 49,
      "B_fast3r": 0.2326,
      "B_mast3r": 0.1523,
      "B_spann3r": 0.1618,
      "B_oracle": 0.136,
      "B_patch_oracle": 0.0976,
      "Teacher_FrozenStatePrior": 0.1451,
      "Ours_NativeStudent": 0.1451,
      "best_single": 0.1523,
      "rel_imp_vs_best_single_pp": 4.74,
      "rel_imp_vs_teacher_pp": 0.01,
      "oracle_gap_pp": 6.67,
      "patch_oracle_gap_pp": 48.63,
      "temporal_delta_abs_rel": 0.0367,
      "scale_drift_proxy": 0.0285,
      "teacher_temporal_delta_abs_rel": 0.0367,
      "teacher_scale_drift_proxy": 0.0285,
      "mean_residual_norm": 0.000349,
      "mean_prior_entropy": 0.0417
    },
    "eth3d": {
      "n": 10,
      "B_fast3r": 0.236,
      "B_mast3r": 0.2831,
      "B_spann3r": 0.1585,
      "B_oracle": 0.1468,
      "B_patch_oracle": 0.0974,
      "Teacher_FrozenStatePrior": 0.148,
      "Ours_NativeStudent": 0.148,
      "best_single": 0.1585,
      "rel_imp_vs_best_single_pp": 6.64,
      "rel_imp_vs_teacher_pp": 0.0,
      "oracle_gap_pp": 0.77,
      "patch_oracle_gap_pp": 51.88,
      "temporal_delta_abs_rel": 0.0451,
      "scale_drift_proxy": 0.0302,
      "teacher_temporal_delta_abs_rel": 0.0451,
      "teacher_scale_drift_proxy": 0.0302,
      "mean_residual_norm": 0.0,
      "mean_prior_entropy": 0.0
    }
  }
}
